2026-03-11 14:24:34,321 - ERROR - File not found: data/raw/real estate/loopNet-sample.json
2026-03-11 14:25:00,940 - ERROR - File not found: data/raw/real_state/loopNet-sample.json
2026-03-11 14:25:36,651 - INFO - Successfully read JSON file: data/raw/real_estate/loopNet-sample.json
2026-03-11 14:30:19,025 - INFO - Successfully read JSON file: data/raw/real_estate/loopNet-sample.json
2026-03-22 19:04:13,899 - INFO - --- Fetching Page 1 ---
2026-03-22 19:04:15,701 - INFO - Successfully grabbed 158 items from page 1
2026-03-22 19:04:15,704 - INFO - Saved raw data to ../../data/raw/api/loopnet_page_1.json
2026-03-22 19:04:15,704 - INFO - --- Fetching Page 2 ---
2026-03-22 19:04:17,138 - WARNING - Page 2 returned no houses. Trying backup payload...
2026-03-22 19:04:19,031 - INFO - Successfully grabbed 0 items from page 2
2026-03-22 19:04:19,032 - INFO - Saved raw data to ../../data/raw/api/loopnet_page_2.json
2026-03-22 19:04:19,033 - INFO - --- Fetching Page 3 ---
2026-03-22 19:04:20,734 - WARNING - Page 3 returned no houses. Trying backup payload...
2026-03-22 19:04:22,335 - INFO - Successfully grabbed 0 items from page 3
2026-03-22 19:04:22,337 - INFO - Saved raw data to ../../data/raw/api/loopnet_page_3.json
2026-03-22 19:11:13,697 - INFO - Parsing JSON file: ../../data/raw/api/loopnet_page_1.json
2026-03-22 19:11:13,698 - INFO - Parsing CSV file: ../../data/raw/csv/sample.csv
2026-03-22 19:11:13,698 - ERROR - CSV file not found: ../../data/raw/csv/sample.csv
2026-03-22 19:11:13,698 - INFO - Parsing XML file: ../../data/raw/xml/sample.xml
2026-03-22 19:11:13,698 - ERROR - XML file not found: ../../data/raw/xml/sample.xml
2026-03-22 19:23:31,620 - INFO - Starting Real Estate Market Monitor Pipeline...
2026-03-22 19:23:31,623 - INFO - Fetching data from API...
2026-03-22 19:23:31,624 - INFO - --- Fetching Page 1 ---
2026-03-22 19:23:33,421 - INFO - Successfully grabbed 158 items from page 1
2026-03-22 19:23:33,426 - INFO - Saved raw data to ../../data/raw/api/loopnet_page_1.json
2026-03-22 19:23:33,426 - INFO - --- Fetching Page 2 ---
2026-03-22 19:23:35,176 - WARNING - Page 2 returned no houses. Trying backup payload...
2026-03-22 19:23:37,342 - INFO - Successfully grabbed 0 items from page 2
2026-03-22 19:23:37,345 - INFO - Saved raw data to ../../data/raw/api/loopnet_page_2.json
2026-03-22 19:23:37,345 - INFO - --- Fetching Page 3 ---
2026-03-22 19:23:39,119 - WARNING - Page 3 returned no houses. Trying backup payload...
2026-03-22 19:23:40,965 - INFO - Successfully grabbed 0 items from page 3
2026-03-22 19:23:40,966 - INFO - Saved raw data to ../../data/raw/api/loopnet_page_3.json
2026-03-22 19:23:40,968 - INFO - Parsing data...
2026-03-22 19:23:40,968 - INFO - Saving to MongoDB...
2026-03-22 19:23:41,001 - INFO - Success! Saved 158 houses to MongoDB.
2026-03-22 19:23:41,002 - INFO - Uploading raw files to S3...
2026-03-22 19:23:41,408 - INFO - Started uploading loopnet_page_1.json to S3 bucket real-estate-data
2026-03-22 19:31:13,137 - INFO - Starting Real Estate Market Monitor Pipeline...
2026-03-22 19:31:13,138 - INFO - Fetching data from API...
2026-03-22 19:31:13,138 - INFO - --- Fetching Page 1 ---
2026-03-22 19:31:15,455 - INFO - Successfully grabbed 158 items from page 1
2026-03-22 19:31:15,457 - INFO - Saved raw data to ../../data/raw/api/loopnet_page_1.json
2026-03-22 19:31:15,457 - INFO - --- Fetching Page 2 ---
2026-03-22 19:31:19,643 - WARNING - Page 2 returned no houses. Trying backup payload...
2026-03-22 19:31:21,352 - INFO - Successfully grabbed 0 items from page 2
2026-03-22 19:31:21,355 - INFO - Saved raw data to ../../data/raw/api/loopnet_page_2.json
2026-03-22 19:31:21,355 - INFO - --- Fetching Page 3 ---
2026-03-22 19:31:23,908 - WARNING - Page 3 returned no houses. Trying backup payload...
2026-03-22 19:31:25,606 - INFO - Successfully grabbed 0 items from page 3
2026-03-22 19:31:25,608 - INFO - Saved raw data to ../../data/raw/api/loopnet_page_3.json
2026-03-22 19:31:25,611 - INFO - Parsing data...
2026-03-22 19:31:25,611 - INFO - Saving to MongoDB...
2026-03-22 19:31:25,663 - INFO - Success! Saved 158 houses to MongoDB.
2026-03-22 19:31:25,664 - INFO - Uploading raw files to S3...
2026-03-22 19:31:26,096 - INFO - Started uploading loopnet_page_1.json to S3 bucket real-estate-data
2026-03-22 19:35:16,812 - INFO - Starting Real Estate Market Monitor Pipeline...
2026-03-22 19:35:16,813 - INFO - Fetching data from API...
2026-03-22 19:35:16,814 - INFO - --- Fetching Page 1 ---
2026-03-22 19:35:18,422 - INFO - Successfully grabbed 158 items from page 1
2026-03-22 19:35:18,426 - INFO - Saved raw data to ../../data/raw/api/loopnet_page_1.json
2026-03-22 19:35:18,426 - INFO - --- Fetching Page 2 ---
2026-03-22 19:35:20,117 - WARNING - Page 2 returned no houses. Trying backup payload...
2026-03-22 19:35:21,505 - INFO - Successfully grabbed 0 items from page 2
2026-03-22 19:35:21,506 - INFO - Saved raw data to ../../data/raw/api/loopnet_page_2.json
2026-03-22 19:35:21,507 - INFO - --- Fetching Page 3 ---
2026-03-22 19:35:23,218 - WARNING - Page 3 returned no houses. Trying backup payload...
2026-03-22 19:35:24,742 - INFO - Successfully grabbed 0 items from page 3
2026-03-22 19:35:24,745 - INFO - Saved raw data to ../../data/raw/api/loopnet_page_3.json
2026-03-22 19:35:24,754 - INFO - Parsing data...
2026-03-22 19:35:24,757 - INFO - Saving to MongoDB...
2026-03-22 19:35:24,802 - INFO - Success! Saved 158 houses to MongoDB.
2026-03-22 19:35:24,802 - INFO - Uploading raw files to S3...
2026-03-22 19:35:25,141 - INFO - Started uploading loopnet_page_1.json to S3 bucket real-estate-data
2026-03-22 19:43:52,792 - INFO - Starting Real Estate Market Monitor Pipeline...
2026-03-22 19:43:52,792 - INFO - Fetching data from API...
2026-03-22 19:43:52,792 - INFO - --- Fetching Page 1 ---
2026-03-22 19:43:54,895 - INFO - Successfully grabbed 158 items from page 1
2026-03-22 19:43:54,901 - INFO - Saved raw data to ../../data/raw/api/loopnet_page_1.json
2026-03-22 19:43:54,902 - INFO - --- Fetching Page 2 ---
2026-03-22 19:43:56,550 - WARNING - Page 2 returned no houses. Trying backup payload...
2026-03-22 19:43:58,841 - INFO - Successfully grabbed 0 items from page 2
2026-03-22 19:43:58,843 - INFO - Saved raw data to ../../data/raw/api/loopnet_page_2.json
2026-03-22 19:43:58,843 - INFO - --- Fetching Page 3 ---
2026-03-22 19:44:01,987 - WARNING - Page 3 returned no houses. Trying backup payload...
2026-03-22 19:44:04,447 - INFO - Successfully grabbed 0 items from page 3
2026-03-22 19:44:04,449 - INFO - Saved raw data to ../../data/raw/api/loopnet_page_3.json
2026-03-22 19:44:04,451 - INFO - Parsing data...
2026-03-22 19:44:04,452 - INFO - Saving to MongoDB...
2026-03-22 19:44:04,494 - INFO - Success! Saved 158 houses to MongoDB.
2026-03-22 19:44:04,495 - INFO - Uploading raw files to S3...
2026-03-22 19:44:04,825 - INFO - Started uploading loopnet_page_1.json to S3 bucket real-estate-data
2026-03-22 19:44:05,537 - INFO - Successfully uploaded loopnet_page_1.json to real-estate-data
2026-03-22 19:44:05,550 - INFO - Started uploading loopnet_page_2.json to S3 bucket real-estate-data
2026-03-22 19:44:05,606 - INFO - Successfully uploaded loopnet_page_2.json to real-estate-data
2026-03-22 19:44:05,618 - INFO - Started uploading loopnet_page_3.json to S3 bucket real-estate-data
2026-03-22 19:44:05,652 - INFO - Successfully uploaded loopnet_page_3.json to real-estate-data
2026-03-22 19:44:05,653 - INFO - Pipeline finished successfully
2026-03-25 11:28:16,831 - INFO - Starting Real Estate Market Monitor Pipeline...
2026-03-25 11:28:16,834 - INFO - Fetching data from API...
2026-03-25 11:28:16,835 - INFO - --- Fetching Page 1 ---
2026-03-25 11:28:28,490 - INFO - Successfully grabbed 162 items from page 1
2026-03-25 11:28:28,494 - INFO - Saved raw data to ../../data/raw/api/loopnet_page_1.json
2026-03-25 11:28:28,494 - INFO - --- Fetching Page 2 ---
2026-03-25 11:28:29,954 - WARNING - Page 2 returned no houses. Trying backup payload...
2026-03-25 11:28:31,338 - INFO - Successfully grabbed 0 items from page 2
2026-03-25 11:28:31,339 - INFO - Saved raw data to ../../data/raw/api/loopnet_page_2.json
2026-03-25 11:28:31,340 - INFO - --- Fetching Page 3 ---
2026-03-25 11:28:32,540 - WARNING - Page 3 returned no houses. Trying backup payload...
2026-03-25 11:28:33,607 - INFO - Successfully grabbed 0 items from page 3
2026-03-25 11:28:33,611 - INFO - Saved raw data to ../../data/raw/api/loopnet_page_3.json
2026-03-25 11:28:33,613 - INFO - Parsing data...
2026-03-25 11:28:33,614 - INFO - Saving to MongoDB...
2026-03-25 11:28:33,752 - INFO - Success! Saved 162 houses to MongoDB.
2026-03-25 11:28:33,752 - INFO - Uploading raw files to S3...
2026-03-25 11:28:34,224 - INFO - Started uploading loopnet_page_1.json to S3 bucket real-estate-data
2026-03-25 12:11:00,271 - INFO - Starting Real Estate Market Monitor Pipeline...
2026-03-25 12:11:00,271 - INFO - Fetching data from API...
2026-03-25 12:11:00,271 - INFO - --- Fetching Page 1 ---
2026-03-25 12:11:16,836 - INFO - Successfully grabbed 162 items from page 1
2026-03-25 12:11:16,841 - INFO - Saved raw data to ../../data/raw/api/loopnet_page_1.json
2026-03-25 12:11:16,841 - INFO - --- Fetching Page 2 ---
2026-03-25 12:11:21,565 - WARNING - Page 2 returned no houses. Trying backup payload...
2026-03-25 12:11:34,816 - INFO - Successfully grabbed 0 items from page 2
2026-03-25 12:11:34,817 - INFO - Saved raw data to ../../data/raw/api/loopnet_page_2.json
2026-03-25 12:11:34,817 - INFO - --- Fetching Page 3 ---
2026-03-25 12:11:43,403 - WARNING - Page 3 returned no houses. Trying backup payload...
2026-03-25 12:11:45,717 - INFO - Successfully grabbed 0 items from page 3
2026-03-25 12:11:45,718 - INFO - Saved raw data to ../../data/raw/api/loopnet_page_3.json
2026-03-25 12:11:45,721 - INFO - Parsing data...
2026-03-25 12:11:45,722 - INFO - Saving to MongoDB...
2026-03-25 12:11:45,766 - INFO - Success! Saved 162 houses to MongoDB.
2026-03-25 12:11:45,767 - INFO - Starting unstructured document extraction...
2026-03-25 12:11:45,768 - INFO - Extracting PDF: C:\Users\User\Desktop\IT-2012\Real-Estate-Market-Monitor\data\raw\pdf\Listing1.pdf
2026-03-25 12:11:45,871 - INFO - Extracting PDF: C:\Users\User\Desktop\IT-2012\Real-Estate-Market-Monitor\data\raw\pdf\Listing2.pdf
2026-03-25 12:11:45,927 - INFO - Extracting Word Document: C:\Users\User\Desktop\IT-2012\Real-Estate-Market-Monitor\data\raw\word\Listing3.docx
2026-03-25 12:11:45,956 - WARNING - Decoding failed with Windows-1254, falling back. Error: 'charmap' codec can't decode byte 0x8f in position 107: character maps to <undefined>
2026-03-25 12:11:45,957 - INFO - Extracting Word Document: C:\Users\User\Desktop\IT-2012\Real-Estate-Market-Monitor\data\raw\word\Listing4.docx
2026-03-25 12:11:45,981 - WARNING - Decoding failed with Windows-1254, falling back. Error: 'charmap' codec can't decode byte 0x8f in position 110: character maps to <undefined>
2026-03-25 12:11:45,982 - INFO - Extracting Excel Document: C:\Users\User\Desktop\IT-2012\Real-Estate-Market-Monitor\data\raw\excell\Table1.xlsx
2026-03-25 12:11:45,997 - INFO - Extracting Excel Document: C:\Users\User\Desktop\IT-2012\Real-Estate-Market-Monitor\data\raw\excell\Table2.xlsx
2026-03-25 12:11:46,016 - INFO - Saving 6 document records to MongoDB...
2026-03-25 12:11:46,120 - INFO - Success! Saved 6 houses to MongoDB.
2026-03-25 12:11:46,121 - INFO - Pipeline finished successfully
2026-03-25 12:37:17,691 - INFO - Starting Real Estate Market Monitor Pipeline...
2026-03-25 12:37:17,691 - INFO - Fetching data from API...
2026-03-25 12:37:17,692 - INFO - --- Fetching Page 1 ---
2026-03-25 12:37:19,277 - INFO - Successfully grabbed 162 items from page 1
2026-03-25 12:37:19,281 - INFO - Saved raw data to ../../data/raw/api/loopnet_page_1.json
2026-03-25 12:37:19,281 - INFO - --- Fetching Page 2 ---
2026-03-25 12:37:20,808 - WARNING - Page 2 returned no houses. Trying backup payload...
2026-03-25 12:37:25,017 - INFO - Successfully grabbed 0 items from page 2
2026-03-25 12:37:25,019 - INFO - Saved raw data to ../../data/raw/api/loopnet_page_2.json
2026-03-25 12:37:25,019 - INFO - --- Fetching Page 3 ---
2026-03-25 12:37:27,472 - WARNING - Page 3 returned no houses. Trying backup payload...
2026-03-25 12:37:29,881 - INFO - Successfully grabbed 0 items from page 3
2026-03-25 12:37:29,883 - INFO - Saved raw data to ../../data/raw/api/loopnet_page_3.json
2026-03-25 12:37:29,885 - INFO - Parsing data...
2026-03-25 12:37:29,886 - INFO - Saving to MongoDB...
2026-03-25 12:37:29,906 - INFO - Success! Saved 162 houses to MongoDB.
2026-03-25 12:37:29,906 - INFO - Starting unstructured document extraction...
2026-03-25 12:37:29,907 - INFO - Extracting PDF: C:\Users\User\Desktop\IT-2012\Real-Estate-Market-Monitor\data\raw\pdf\Listing1.pdf
2026-03-25 12:37:30,016 - INFO - Extracting PDF: C:\Users\User\Desktop\IT-2012\Real-Estate-Market-Monitor\data\raw\pdf\Listing2.pdf
2026-03-25 12:37:30,065 - INFO - Extracting Word Document: C:\Users\User\Desktop\IT-2012\Real-Estate-Market-Monitor\data\raw\word\Listing3.docx
2026-03-25 12:37:30,079 - INFO - Extracting Word Document: C:\Users\User\Desktop\IT-2012\Real-Estate-Market-Monitor\data\raw\word\Listing4.docx
2026-03-25 12:37:30,093 - INFO - Extracting Excel Document: C:\Users\User\Desktop\IT-2012\Real-Estate-Market-Monitor\data\raw\excell\Table1.xlsx
2026-03-25 12:37:30,098 - INFO - Extracting Excel Document: C:\Users\User\Desktop\IT-2012\Real-Estate-Market-Monitor\data\raw\excell\Table2.xlsx
2026-03-25 12:37:30,107 - INFO - Saving 6 document records to MongoDB...
2026-03-25 12:37:30,138 - INFO - Success! Saved 6 houses to MongoDB.
2026-03-25 12:37:30,139 - INFO - Pipeline finished successfully
